// Jest Snapshot v1, https://goo.gl/fbAQLP

exports[`should render Expense List Item 1`] = `
<div>
  <Link
    replace={false}
    to="/edit/1"
  >
    <h3>
      Bin
    </h3>
  </Link>
  <p>
    $30.00
    -
    January 1st, 1970
  </p>
</div>
`;
