// Jest Snapshot v1, https://goo.gl/fbAQLP

exports[`should render Loading Page component 1`] = `
<div
  className="loader"
>
  <img
    src="/images/giphy.gif"
  />
</div>
`;
